2026-10-08 15:06:38.670  INFO 33632 --- [main] com.huerto.hogar.HogarApplication        : Starting HogarApplication using Java 17.0.12 on Dany with PID 33632 (D:\Respaldos\clases\U-Duoc\Semestre 4\FullStack2\huerto-hogar\huerto hogar\Backend\target\classes started by danie in D:\Respaldos\clases\U-Duoc\Semestre 4\FullStack2\huerto-hogar\huerto hogar\Backend)
2026-10-08 15:06:38.676  INFO 33632 --- [main] com.huerto.hogar.HogarApplication        : No active profile set, falling back to 1 default profile: "default"
2026-10-08 15:06:39.340  INFO 33632 --- [main] .s.d.r.c.RepositoryConfigurationDelegate : Bootstrapping Spring Data JPA repositories in DEFAULT mode.
2026-10-08 15:06:39.407  INFO 33632 --- [main] .s.d.r.c.RepositoryConfigurationDelegate : Finished Spring Data repository scanning in 62 ms. Found 9 JPA repository interfaces.
2026-10-08 15:06:40.066  INFO 33632 --- [main] o.s.b.w.embedded.tomcat.TomcatWebServer  : Tomcat initialized with port(s): 8080 (http)
2026-10-08 15:06:40.084  INFO 33632 --- [main] o.apache.catalina.core.StandardService   : Starting service [Tomcat]
2026-10-08 15:06:40.084  INFO 33632 --- [main] org.apache.catalina.core.StandardEngine  : Starting Servlet engine: [Apache Tomcat/9.0.83]
2026-10-08 15:06:40.224  INFO 33632 --- [main] o.a.c.c.C.[Tomcat].[localhost].[/]       : Initializing Spring embedded WebApplicationContext
2026-10-08 15:06:40.224  INFO 33632 --- [main] w.s.c.ServletWebServerApplicationContext : Root WebApplicationContext: initialization completed in 1507 ms
2026-10-08 15:06:40.476  INFO 33632 --- [main] o.hibernate.jpa.internal.util.LogHelper  : HHH000204: Processing PersistenceUnitInfo [name: default]
2026-10-08 15:06:40.512  INFO 33632 --- [main] org.hibernate.Version                    : HHH000412: Hibernate ORM core version 5.6.15.Final
2026-10-08 15:06:40.636  INFO 33632 --- [main] o.hibernate.annotations.common.Version   : HCANN000001: Hibernate Commons Annotations {5.1.2.Final}
2026-10-08 15:06:40.712  INFO 33632 --- [main] com.zaxxer.hikari.HikariDataSource       : HikariPool-1 - Starting...
2026-10-08 15:06:40.837  INFO 33632 --- [main] com.zaxxer.hikari.HikariDataSource       : HikariPool-1 - Start completed.
2026-10-08 15:06:40.846  INFO 33632 --- [main] org.hibernate.dialect.Dialect            : HHH000400: Using dialect: org.hibernate.dialect.MySQL8Dialect
2026-10-08 15:06:41.433  INFO 33632 --- [main] o.h.e.t.j.p.i.JtaPlatformInitiator       : HHH000490: Using JtaPlatform implementation: [org.hibernate.engine.transaction.jta.platform.internal.NoJtaPlatform]
2026-10-08 15:06:41.438  INFO 33632 --- [main] j.LocalContainerEntityManagerFactoryBean : Initialized JPA EntityManagerFactory for persistence unit 'default'
2026-10-08 15:06:42.163  INFO 33632 --- [main] o.s.s.web.DefaultSecurityFilterChain     : Will secure any request with [org.springframework.security.web.session.DisableEncodeUrlFilter@1d4c6e32, org.springframework.security.web.context.request.async.WebAsyncManagerIntegrationFilter@3a5ffea, org.springframework.security.web.context.SecurityContextPersistenceFilter@2af31aba, org.springframework.security.web.header.HeaderWriterFilter@12051d38, org.springframework.web.filter.CorsFilter@1d126f07, org.springframework.security.web.authentication.logout.LogoutFilter@116efe65, com.huerto.hogar.security.filter.JwtAuthFilter@5dbb50f3, org.springframework.security.web.savedrequest.RequestCacheAwareFilter@1aebe759, org.springframework.security.web.servletapi.SecurityContextHolderAwareRequestFilter@6fd37997, org.springframework.security.web.authentication.AnonymousAuthenticationFilter@71689ee2, org.springframework.security.web.session.SessionManagementFilter@37aea657, org.springframework.security.web.access.ExceptionTranslationFilter@6265a548, org.springframework.security.web.access.intercept.FilterSecurityInterceptor@445b4594]
2026-10-08 15:06:42.797  INFO 33632 --- [main] o.s.b.w.embedded.tomcat.TomcatWebServer  : Tomcat started on port(s): 8080 (http) with context path ''
2026-10-08 15:06:42.808  INFO 33632 --- [main] com.huerto.hogar.HogarApplication        : Started HogarApplication in 4.443 seconds (JVM running for 4.7)
